1549117950.680410 read(3, "\177ELF\1\1\1\3\0\0\0\0\0\0\0\0\3\0\3\0\1\0\0\0\240\233\1\0004\0\0\0"..., 832) = 832 <0.000016>
1549117950.680538 close(3)              = 0 <0.000019>
1549117950.680591 open("tls/x86_64/libc.so.6", O_RDONLY|O_CLOEXEC) = -1 ENOENT (No such file or directory) <0.000017>
1549117950.680675 open("tls/libc.so.6", O_RDONLY|O_CLOEXEC) = -1 ENOENT (No such file or directory) <0.000014>
1549117950.680716 open("x86_64/libc.so.6", O_RDONLY|O_CLOEXEC) = -1 ENOENT (No such file or directory) <0.000014>
1549117950.680755 open("libc.so.6", O_RDONLY|O_CLOEXEC) = -1 ENOENT (No such file or directory) <0.000014>
1549117950.680803 open("/lib64/libc.so.6", O_RDONLY|O_CLOEXEC) = 3 <0.000019>
1549117950.680849 read(3, "\177ELF\2\1\1\3\0\0\0\0\0\0\0\0\3\0>\0\1\0\0\0\20\35\2\0\0\0\0\0"..., 832) = 832 <0.000014>
1549117950.680890 fstat(3, {st_mode=S_IFREG|0755, st_size=2127336, ...}) = 0 <0.000014>
1549117950.680947 mmap(NULL, 3940800, PROT_READ|PROT_EXEC, MAP_PRIVATE|MAP_DENYWRITE, 3, 0) = 0x7f3b405f8000 <0.000017>
1549117950.681000 mprotect(0x7f3b407b0000, 2097152, PROT_NONE) = 0 <0.000022>
1549117950.681068 mmap(0x7f3b409b0000, 24576, PROT_READ|PROT_WRITE, MAP_PRIVATE|MAP_FIXED|MAP_DENYWRITE, 3, 0x1b8000) = 0x7f3b409b0000 <0.000020>
1549117950.681118 mmap(0x7f3b409b6000, 16832, PROT_READ|PROT_WRITE, MAP_PRIVATE|MAP_FIXED|MAP_ANONYMOUS, -1, 0) = 0x7f3b409b6000 <0.000015>
1549117950.681164 close(3)              = 0 <0.000012>
1549117950.681225 mmap(NULL, 4096, PROT_READ|PROT_WRITE, MAP_PRIVATE|MAP_ANONYMOUS, -1, 0) = 0x7f3b40fe9000 <0.000014>
1549117950.681268 mmap(NULL, 8192, PROT_READ|PROT_WRITE, MAP_PRIVATE|MAP_ANONYMOUS, -1, 0) = 0x7f3b40fe7000 <0.000013>
1549117950.681312 arch_prctl(ARCH_SET_FS, 0x7f3b40fe7740) = 0 <0.000012>
1549117950.681487 mprotect(0x7f3b409b0000, 16384, PROT_READ) = 0 <0.000019>
1549117950.681542 mprotect(0x7f3b40bbd000, 4096, PROT_READ) = 0 <0.000017>
1549117950.681635 mprotect(0x7f3b40de4000, 16384, PROT_READ) = 0 <0.000016>
1549117950.681690 mprotect(0x6dc000, 4096, PROT_READ) = 0 <0.000015>
1549117950.681732 mprotect(0x7f3b4100a000, 4096, PROT_READ) = 0 <0.000017>
1549117950.681772 munmap(0x7f3b40feb000, 122400) = 0 <0.000024>
1549117950.681874 rt_sigprocmask(SIG_BLOCK, NULL, [], 8) = 0 <0.000013>
1549117950.681928 open("/dev/tty", O_RDWR|O_NONBLOCK) = 3 <0.000021>
1549117950.681980 close(3)              = 0 <0.000015>
1549117950.682132 brk(NULL)             = 0x1cdb000 <0.000017>
1549117950.682192 brk(0x1cfc000)        = 0x1cfc000 <0.000017>
1549117950.682236 brk(NULL)             = 0x1cfc000 <0.000016>
1549117950.682285 open("/usr/lib/locale/locale-archive", O_RDONLY|O_CLOEXEC) = 3 <0.000019>
1549117950.682336 fstat(3, {st_mode=S_IFREG|0644, st_size=106070960, ...}) = 0 <0.000013>
1549117950.682381 mmap(NULL, 106070960, PROT_READ, MAP_PRIVATE, 3, 0) = 0x7f3b3a0cf000 <0.000016>
1549117950.682427 close(3)              = 0 <0.000013>
1549117950.682473 open("/usr/share/locale/locale.alias", O_RDONLY|O_CLOEXEC) = 3 <0.000023>
1549117950.682533 fstat(3, {st_mode=S_IFREG|0644, st_size=2502, ...}) = 0 <0.000013>
1549117950.682572 mmap(NULL, 4096, PROT_READ|PROT_WRITE, MAP_PRIVATE|MAP_ANONYMOUS, -1, 0) = 0x7f3b41008000 <0.000015>
1549117950.682612 read(3, "# Locale name alias data base.\n#"..., 4096) = 2502 <0.000018>
1549117950.682684 read(3, "", 4096)     = 0 <0.000014>
1549117950.682724 close(3)              = 0 <0.000015>
1549117950.682762 munmap(0x7f3b41008000, 4096) = 0 <0.000021>
1549117950.682829 open("/usr/lib/locale/C.UTF-8/LC_IDENTIFICATION", O_RDONLY|O_CLOEXEC) = -1 ENOENT (No such file or directory) <0.000016>
1549117950.682874 open("/usr/lib/locale/C.utf8/LC_IDENTIFICATION", O_RDONLY|O_CLOEXEC) = -1 ENOENT (No such file or directory) <0.000015>
1549117950.682914 open("/usr/lib/locale/C/LC_IDENTIFICATION", O_RDONLY|O_CLOEXEC) = -1 ENOENT (No such file or directory) <0.000014>
1549117950.682966 getuid()              = 1005 <0.000013>
1549117950.683001 getgid()              = 1012 <0.000013>
1549117950.683036 geteuid()             = 1005 <0.000012>
1549117950.683070 getegid()             = 1012 <0.000013>
1549117950.683135 rt_sigprocmask(SIG_BLOCK, NULL, [], 8) = 0 <0.000012>
1549117950.683181 brk(NULL)             = 0x1cfc000 <0.000013>
1549117950.683250 open("/proc/meminfo", O_RDONLY|O_CLOEXEC) = 3 <0.000018>
1549117950.683295 fstat(3, {st_mode=S_IFREG|0444, st_size=0, ...}) = 0 <0.000013>
1549117950.683334 mmap(NULL, 4096, PROT_READ|PROT_WRITE, MAP_PRIVATE|MAP_ANONYMOUS, -1, 0) = 0x7f3b41008000 <0.000015>
1549117950.683373 read(3, "MemTotal:       65683340 kB\nMemF"..., 1024) = 1024 <0.000048>
1549117950.683469 close(3)              = 0 <0.000014>
1549117950.683527 munmap(0x7f3b41008000, 4096) = 0 <0.000018>
1549117950.683627 rt_sigaction(SIGCHLD, {SIG_DFL, [], SA_RESTORER|SA_RESTART, 0x7f3b4062d270}, {SIG_DFL, [], 0}, 8) = 0 <0.000014>
1549117950.683674 rt_sigaction(SIGCHLD, {SIG_DFL, [], SA_RESTORER|SA_RESTART, 0x7f3b4062d270}, {SIG_DFL, [], SA_RESTORER|SA_RESTART, 0x7f3b4062d270}, 8) = 0 <0.000013>
1549117950.683714 rt_sigaction(SIGINT, {SIG_DFL, [], SA_RESTORER, 0x7f3b4062d270}, {SIG_DFL, [], 0}, 8) = 0 <0.000013>
1549117950.683753 rt_sigaction(SIGINT, {SIG_DFL, [], SA_RESTORER, 0x7f3b4062d270}, {SIG_DFL, [], SA_RESTORER, 0x7f3b4062d270}, 8) = 0 <0.000013>
1549117950.683792 rt_sigaction(SIGQUIT, {SIG_DFL, [], SA_RESTORER, 0x7f3b4062d270}, {SIG_DFL, [], 0}, 8) = 0 <0.000013>
1549117950.683830 rt_sigaction(SIGQUIT, {SIG_DFL, [], SA_RESTORER, 0x7f3b4062d270}, {SIG_DFL, [], SA_RESTORER, 0x7f3b4062d270}, 8) = 0 <0.000013>
1549117950.683870 rt_sigprocmask(SIG_BLOCK, NULL, [], 8) = 0 <0.000013>
1549117950.683907 rt_sigaction(SIGQUIT, {SIG_IGN, [], SA_RESTORER, 0x7f3b4062d270}, {SIG_DFL, [], SA_RESTORER, 0x7f3b4062d270}, 8) = 0 <0.000013>
1549117950.683953 uname({sysname="Linux", nodename="hpc2", ...}) = 0 <0.000012>
1549117950.684078 stat("/home/hchusiang/sofa", {st_mode=S_IFDIR|0775, st_size=4096, ...}) = 0 <0.000020>
1549117950.684140 stat(".", {st_mode=S_IFDIR|0775, st_size=4096, ...}) = 0 <0.000017>
1549117950.684205 getpid()              = 15280 <0.000015>
1549117950.684264 getppid()             = 15154 <0.000016>
1549117950.684322 stat(".", {st_mode=S_IFDIR|0775, st_size=4096, ...}) = 0 <0.000017>
1549117950.684382 stat("/usr/sbin/bash", 0x7ffee033bf70) = -1 ENOENT (No such file or directory) <0.000017>
1549117950.684436 stat("/sbin/home/hchusiang/.pyenv/versions/3.6.5/bin/bash", 0x7ffee033bf70) = -1 ENOENT (No such file or directory) <0.000020>
1549117950.684490 stat("/home/hchusiang/.pyenv/libexec/bash", 0x7ffee033bf70) = -1 ENOENT (No such file or directory) <0.000019>
1549117950.684552 stat("/home/hchusiang/.pyenv/plugins/python-build/bin/bash", 0x7ffee033bf70) = -1 ENOENT (No such file or directory) <0.000017>
1549117950.684604 stat("/home/hchusiang/opt/sofa/bin/bash", 0x7ffee033bf70) = -1 ENOENT (No such file or directory) <0.000018>
1549117950.684658 stat("/usr/local/root-6.16.00/bin/bash", 0x7ffee033bf70) = -1 ENOENT (No such file or directory) <0.000018>
1549117950.684710 stat("/usr/lib/jdk1.8.0_121/bin/bash", 0x7ffee033bf70) = -1 ENOENT (No such file or directory) <0.000017>
1549117950.684762 stat("/usr/lib/jdk1.8.0_121/jre/bin/bash", 0x7ffee033bf70) = -1 ENOENT (No such file or directory) <0.000018>
1549117950.684814 stat("/usr/lib64/qt-3.3/bin/bash", 0x7ffee033bf70) = -1 ENOENT (No such file or directory) <0.000018>
1549117950.684867 stat("/home/hchusiang/.pyenv/shims/bash", 0x7ffee033bf70) = -1 ENOENT (No such file or directory) <0.000018>
1549117950.684920 stat("/home/hchusiang/.pyenv/bin/bash", 0x7ffee033bf70) = -1 ENOENT (No such file or directory) <0.000017>
1549117950.684971 stat("/usr/local/bin/bash", 0x7ffee033bf70) = -1 ENOENT (No such file or directory) <0.000017>
1549117950.685023 stat("/usr/bin/bash", {st_mode=S_IFREG|0755, st_size=960608, ...}) = 0 <0.000018>
1549117950.685082 stat("/usr/bin/bash", {st_mode=S_IFREG|0755, st_size=960608, ...}) = 0 <0.000016>
1549117950.685135 geteuid()             = 1005 <0.000014>
1549117950.685177 getegid()             = 1012 <0.000014>
1549117950.685219 getuid()              = 1005 <0.000014>
1549117950.685262 getgid()              = 1012 <0.000015>
1549117950.685313 access("/usr/bin/bash", X_OK) = 0 <0.000018>
1549117950.685366 stat("/usr/bin/bash", {st_mode=S_IFREG|0755, st_size=960608, ...}) = 0 <0.000016>
1549117950.685419 geteuid()             = 1005 <0.000015>
1549117950.685460 getegid()             = 1012 <0.000015>
1549117950.685510 getuid()              = 1005 <0.000014>
1549117950.685553 getgid()              = 1012 <0.000016>
1549117950.685596 access("/usr/bin/bash", R_OK) = 0 <0.000017>
1549117950.685652 stat("/usr/bin/bash", {st_mode=S_IFREG|0755, st_size=960608, ...}) = 0 <0.000017>
1549117950.685707 stat("/usr/bin/bash", {st_mode=S_IFREG|0755, st_size=960608, ...}) = 0 <0.000017>
1549117950.685761 geteuid()             = 1005 <0.000015>
1549117950.685805 getegid()             = 1012 <0.000016>
1549117950.685849 getuid()              = 1005 <0.000016>
1549117950.685893 getgid()              = 1012 <0.000015>
1549117950.685936 access("/usr/bin/bash", X_OK) = 0 <0.000017>
1549117950.685986 stat("/usr/bin/bash", {st_mode=S_IFREG|0755, st_size=960608, ...}) = 0 <0.000017>
1549117950.686039 geteuid()             = 1005 <0.000015>
1549117950.686083 getegid()             = 1012 <0.000015>
1549117950.686124 getuid()              = 1005 <0.000014>
1549117950.686167 getgid()              = 1012 <0.000013>
1549117950.686209 access("/usr/bin/bash", R_OK) = 0 <0.000016>
1549117950.686308 getpgrp()             = 15154 <0.000016>
1549117950.686357 rt_sigaction(SIGCHLD, {0x441310, [], SA_RESTORER|SA_RESTART, 0x7f3b4062d270}, {SIG_DFL, [], SA_RESTORER|SA_RESTART, 0x7f3b4062d270}, 8) = 0 <0.000015>
1549117950.686420 getrlimit(RLIMIT_NPROC, {rlim_cur=4*1024, rlim_max=255850}) = 0 <0.000016>
1549117950.686565 rt_sigprocmask(SIG_BLOCK, NULL, [], 8) = 0 <0.000013>
1549117950.686608 open("/home/hchusiang/.pyenv/libexec/pyenv", O_RDONLY) = 3 <0.000021>
1549117950.686664 ioctl(3, TCGETS, 0x7ffee033c280) = -1 ENOTTY (Inappropriate ioctl for device) <0.000014>
1549117950.686722 lseek(3, 0, SEEK_CUR) = 0 <0.000014>
1549117950.686759 read(3, "#!/usr/bin/env bash\nset -e\n\nif ["..., 80) = 80 <0.000015>
1549117950.686799 lseek(3, 0, SEEK_SET) = 0 <0.000013>
1549117950.686836 getrlimit(RLIMIT_NOFILE, {rlim_cur=1024, rlim_max=4*1024}) = 0 <0.000012>
1549117950.686876 fcntl(255, F_GETFD)   = -1 EBADF (Bad file descriptor) <0.000013>
1549117950.686919 dup2(3, 255)          = 255 <0.000013>
1549117950.686955 close(3)              = 0 <0.000013>
1549117950.686990 fcntl(255, F_SETFD, FD_CLOEXEC) = 0 <0.000013>
1549117950.687028 fcntl(255, F_GETFL)   = 0x8000 (flags O_RDONLY|O_LARGEFILE) <0.000013>
1549117950.687068 fstat(255, {st_mode=S_IFREG|0775, st_size=3227, ...}) = 0 <0.000013>
1549117950.687107 lseek(255, 0, SEEK_CUR) = 0 <0.000012>
1549117950.687161 rt_sigprocmask(SIG_BLOCK, NULL, [], 8) = 0 <0.000012>
1549117950.687216 read(255, "#!/usr/bin/env bash\nset -e\n\nif ["..., 3227) = 3227 <0.000014>
1549117950.687269 rt_sigprocmask(SIG_BLOCK, NULL, [], 8) = 0 <0.000013>
1549117950.687372 rt_sigprocmask(SIG_BLOCK, NULL, [], 8) = 0 <0.000013>
1549117950.687410 rt_sigprocmask(SIG_BLOCK, NULL, [], 8) = 0 <0.000013>
1549117950.687517 rt_sigprocmask(SIG_BLOCK, NULL, [], 8) = 0 <0.000014>
1549117950.687560 rt_sigprocmask(SIG_SETMASK, [], NULL, 8) = 0 <0.000013>
1549117950.687603 rt_sigprocmask(SIG_BLOCK, NULL, [], 8) = 0 <0.000027>
1549117950.687655 rt_sigprocmask(SIG_BLOCK, NULL, [], 8) = 0 <0.000012>
1549117950.687725 rt_sigprocmask(SIG_BLOCK, NULL, [], 8) = 0 <0.000012>
1549117950.687760 rt_sigprocmask(SIG_SETMASK, [], NULL, 8) = 0 <0.000012>
1549117950.687798 rt_sigprocmask(SIG_BLOCK, NULL, [], 8) = 0 <0.000012>
1549117950.687834 rt_sigprocmask(SIG_BLOCK, NULL, [], 8) = 0 <0.000012>
1549117950.687922 rt_sigprocmask(SIG_BLOCK, NULL, [], 8) = 0 <0.000013>
1549117950.687959 rt_sigprocmask(SIG_BLOCK, NULL, [], 8) = 0 <0.000012>
1549117950.688228 open("/dev/null", O_WRONLY|O_CREAT|O_TRUNC, 0666) = 3 <0.000023>
1549117950.688279 fcntl(2, F_GETFD)     = 0 <0.000012>
1549117950.688314 fcntl(2, F_DUPFD, 10) = 10 <0.000013>
1549117950.688347 fcntl(2, F_GETFD)     = 0 <0.000012>
1549117950.688381 fcntl(10, F_SETFD, FD_CLOEXEC) = 0 <0.000013>
1549117950.688423 dup2(3, 2)            = 2 <0.000012>
1549117950.688457 close(3)              = 0 <0.000012>
1549117950.688511 open("/home/hchusiang/.pyenv/libexec/../libexec/pyenv-realpath.dylib", O_RDONLY|O_CLOEXEC) = -1 ENOENT (No such file or directory) <0.000018>
1549117950.688584 fstat(2, {st_mode=S_IFCHR|0666, st_rdev=makedev(1, 3), ...}) = 0 <0.000013>
1549117950.688622 ioctl(2, TCGETS, 0x7ffee033b5a0) = -1 ENOTTY (Inappropriate ioctl for device) <0.000013>
1549117950.688658 mmap(NULL, 4096, PROT_READ|PROT_WRITE, MAP_PRIVATE|MAP_ANONYMOUS, -1, 0) = 0x7f3b41008000 <0.000017>
1549117950.688711 write(2, "/home/hchusiang/.pyenv/libexec/p"..., 267) = 267 <0.000013>
1549117950.688750 dup2(10, 2)           = 2 <0.000014>
1549117950.688785 fcntl(10, F_GETFD)    = 0x1 (flags FD_CLOEXEC) <0.000012>
1549117950.688820 close(10)             = 0 <0.000012>
1549117950.688871 rt_sigprocmask(SIG_BLOCK, NULL, [], 8) = 0 <0.000013>
1549117950.688907 rt_sigprocmask(SIG_SETMASK, [], NULL, 8) = 0 <0.000012>
1549117950.688959 rt_sigprocmask(SIG_BLOCK, NULL, [], 8) = 0 <0.000012>
1549117950.689021 pipe([3, 4])          = 0 <0.000018>
1549117950.689068 rt_sigprocmask(SIG_BLOCK, [CHLD], [], 8) = 0 <0.000013>
1549117950.689105 rt_sigprocmask(SIG_SETMASK, [], NULL, 8) = 0 <0.000013>
1549117950.689140 rt_sigprocmask(SIG_BLOCK, [INT CHLD], [], 8) = 0 <0.000012>
1549117950.689177 lseek(255, -2244, SEEK_CUR) = 983 <0.000012>
1549117950.689217 clone(child_stack=0, flags=CLONE_CHILD_CLEARTID|CLONE_CHILD_SETTID|SIGCHLD, child_tidptr=0x7f3b40fe7a10) = 15287 <0.000110>
[pid 15280] 1549117950.689386 rt_sigprocmask(SIG_SETMASK, [],  <unfinished ...>
[pid 15287] 1549117950.689410 close(255 <unfinished ...>
[pid 15280] 1549117950.689422 <... rt_sigprocmask resumed> NULL, 8) = 0 <0.000022>
[pid 15287] 1549117950.689434 <... close resumed> ) = 0 <0.000021>
[pid 15280] 1549117950.689447 rt_sigaction(SIGCHLD, {0x441310, [], SA_RESTORER|SA_RESTART, 0x7f3b4062d270},  <unfinished ...>
[pid 15287] 1549117950.689469 rt_sigprocmask(SIG_SETMASK, [],  <unfinished ...>
[pid 15280] 1549117950.689483 <... rt_sigaction resumed> {0x441310, [], SA_RESTORER|SA_RESTART, 0x7f3b4062d270}, 8) = 0 <0.000022>
[pid 15287] 1549117950.689503 <... rt_sigprocmask resumed> NULL, 8) = 0 <0.000029>
[pid 15280] 1549117950.689517 close(4 <unfinished ...>
[pid 15287] 1549117950.689533 rt_sigaction(SIGTSTP, {SIG_DFL, [], SA_RESTORER, 0x7f3b4062d270},  <unfinished ...>
[pid 15280] 1549117950.689553 <... close resumed> ) = 0 <0.000028>
[pid 15287] 1549117950.689561 <... rt_sigaction resumed> {SIG_DFL, [], 0}, 8) = 0 <0.000020>
[pid 15280] 1549117950.689577 read(3,  <unfinished ...>
[pid 15287] 1549117950.689587 rt_sigaction(SIGTTIN, {SIG_DFL, [], SA_RESTORER, 0x7f3b4062d270}, {SIG_DFL, [], 0}, 8) = 0 <0.000011>
[pid 15287] 1549117950.689623 rt_sigaction(SIGTTOU, {SIG_DFL, [], SA_RESTORER, 0x7f3b4062d270}, {SIG_DFL, [], 0}, 8) = 0 <0.000010>
[pid 15287] 1549117950.689666 rt_sigaction(SIGINT, {SIG_DFL, [], SA_RESTORER, 0x7f3b4062d270}, {SIG_DFL, [], SA_RESTORER, 0x7f3b4062d270}, 8) = 0 <0.000010>
[pid 15287] 1549117950.689708 rt_sigaction(SIGQUIT, {SIG_DFL, [], SA_RESTORER, 0x7f3b4062d270}, {SIG_IGN, [], SA_RESTORER, 0x7f3b4062d270}, 8) = 0 <0.000011>
[pid 15287] 1549117950.689744 rt_sigaction(SIGCHLD, {SIG_DFL, [], SA_RESTORER|SA_RESTART, 0x7f3b4062d270}, {0x441310, [], SA_RESTORER|SA_RESTART, 0x7f3b4062d270}, 8) = 0 <0.000010>
[pid 15287] 1549117950.689781 rt_sigaction(SIGCHLD, {0x441310, [], SA_RESTORER|SA_RESTART, 0x7f3b4062d270}, {SIG_DFL, [], SA_RESTORER|SA_RESTART, 0x7f3b4062d270}, 8) = 0 <0.000010>
[pid 15287] 1549117950.689821 rt_sigaction(SIGINT, {0x456c10, [], SA_RESTORER, 0x7f3b4062d270}, {SIG_DFL, [], SA_RESTORER, 0x7f3b4062d270}, 8) = 0 <0.000010>
[pid 15287] 1549117950.689863 dup2(4, 1) = 1 <0.000011>
[pid 15287] 1549117950.689898 close(4)  = 0 <0.000012>
[pid 15287] 1549117950.689930 close(3)  = 0 <0.000011>
[pid 15287] 1549117950.689980 rt_sigprocmask(SIG_BLOCK, NULL, [], 8) = 0 <0.000010>
[pid 15287] 1549117950.690033 rt_sigprocmask(SIG_BLOCK, NULL, [], 8) = 0 <0.000011>
[pid 15287] 1549117950.690151 rt_sigprocmask(SIG_BLOCK, [CHLD], [], 8) = 0 <0.000011>
[pid 15287] 1549117950.690188 pipe([3, 4]) = 0 <0.000015>
[pid 15287] 1549117950.690239 rt_sigprocmask(SIG_BLOCK, [INT CHLD], [CHLD], 8) = 0 <0.000011>
[pid 15287] 1549117950.690274 clone(child_stack=0, flags=CLONE_CHILD_CLEARTID|CLONE_CHILD_SETTID|SIGCHLD, child_tidptr=0x7f3b40fe7a10) = 15288 <0.000079>
[pid 15287] 1549117950.690419 rt_sigprocmask(SIG_SETMASK, [CHLD], NULL, 8) = 0 <0.000011>
[pid 15288] 1549117950.690452 rt_sigprocmask(SIG_SETMASK, [],  <unfinished ...>
[pid 15287] 1549117950.690468 close(4 <unfinished ...>
[pid 15288] 1549117950.690486 <... rt_sigprocmask resumed> NULL, 8) = 0 <0.000024>
[pid 15287] 1549117950.690502 <... close resumed> ) = 0 <0.000030>
[pid 15288] 1549117950.690522 rt_sigaction(SIGTSTP, {SIG_DFL, [], SA_RESTORER, 0x7f3b4062d270}, {SIG_DFL, [], SA_RESTORER, 0x7f3b4062d270}, 8) = 0 <0.000017>
[pid 15287] 1549117950.690560 close(4 <unfinished ...>
[pid 15288] 1549117950.690577 rt_sigaction(SIGTTIN, {SIG_DFL, [], SA_RESTORER, 0x7f3b4062d270},  <unfinished ...>
[pid 15287] 1549117950.690589 <... close resumed> ) = -1 EBADF (Bad file descriptor) <0.000022>
[pid 15288] 1549117950.690603 <... rt_sigaction resumed> {SIG_DFL, [], SA_RESTORER, 0x7f3b4062d270}, 8) = 0 <0.000020>
[pid 15287] 1549117950.690623 rt_sigprocmask(SIG_BLOCK, [INT CHLD],  <unfinished ...>
[pid 15288] 1549117950.690637 rt_sigaction(SIGTTOU, {SIG_DFL, [], SA_RESTORER, 0x7f3b4062d270},  <unfinished ...>
[pid 15287] 1549117950.690655 <... rt_sigprocmask resumed> [CHLD], 8) = 0 <0.000023>
[pid 15288] 1549117950.690664 <... rt_sigaction resumed> {SIG_DFL, [], SA_RESTORER, 0x7f3b4062d270}, 8) = 0 <0.000021>
[pid 15287] 1549117950.690679 clone( <unfinished ...>
[pid 15288] 1549117950.690705 close(3)  = 0 <0.000014>
[pid 15288] 1549117950.690749 dup2(4, 1 <unfinished ...>
[pid 15287] 1549117950.690788 <... clone resumed> child_stack=0, flags=CLONE_CHILD_CLEARTID|CLONE_CHILD_SETTID|SIGCHLD, child_tidptr=0x7f3b40fe7a10) = 15289 <0.000101>
[pid 15288] 1549117950.690798 <... dup2 resumed> ) = 1 <0.000041>
[pid 15289] 1549117950.690828 rt_sigprocmask(SIG_SETMASK, [],  <unfinished ...>
[pid 15288] 1549117950.690842 close(4 <unfinished ...>
[pid 15287] 1549117950.690852 rt_sigprocmask(SIG_SETMASK, [CHLD],  <unfinished ...>
[pid 15289] 1549117950.690873 <... rt_sigprocmask resumed> NULL, 8) = 0 <0.000034>
[pid 15288] 1549117950.690881 <... close resumed> ) = 0 <0.000036>
[pid 15287] 1549117950.690888 <... rt_sigprocmask resumed> NULL, 8) = 0 <0.000031>
[pid 15289] 1549117950.690903 rt_sigaction(SIGTSTP, {SIG_DFL, [], SA_RESTORER, 0x7f3b4062d270},  <unfinished ...>
[pid 15287] 1549117950.690916 close(3 <unfinished ...>
[pid 15289] 1549117950.690941 <... rt_sigaction resumed> {SIG_DFL, [], SA_RESTORER, 0x7f3b4062d270}, 8) = 0 <0.000028>
[pid 15287] 1549117950.690951 <... close resumed> ) = 0 <0.000031>
[pid 15289] 1549117950.690966 rt_sigaction(SIGTTIN, {SIG_DFL, [], SA_RESTORER, 0x7f3b4062d270}, {SIG_DFL, [], SA_RESTORER, 0x7f3b4062d270}, 8) = 0 <0.000016>
[pid 15287] 1549117950.691001 rt_sigprocmask(SIG_BLOCK, [CHLD],  <unfinished ...>
[pid 15289] 1549117950.691022 rt_sigaction(SIGTTOU, {SIG_DFL, [], SA_RESTORER, 0x7f3b4062d270},  <unfinished ...>
[pid 15288] 1549117950.691034 rt_sigaction(SIGINT, {SIG_DFL, [], SA_RESTORER, 0x7f3b4062d270},  <unfinished ...>
[pid 15287] 1549117950.691046 <... rt_sigprocmask resumed> [CHLD], 8) = 0 <0.000037>
[pid 15289] 1549117950.691063 <... rt_sigaction resumed> {SIG_DFL, [], SA_RESTORER, 0x7f3b4062d270}, 8) = 0 <0.000034>
[pid 15288] 1549117950.691077 <... rt_sigaction resumed> {0x456c10, [], SA_RESTORER, 0x7f3b4062d270}, 8) = 0 <0.000036>
[pid 15287] 1549117950.691091 rt_sigprocmask(SIG_SETMASK, [CHLD],  <unfinished ...>
[pid 15289] 1549117950.691111 dup2(3, 0 <unfinished ...>
[pid 15288] 1549117950.691122 rt_sigaction(SIGQUIT, {SIG_DFL, [], SA_RESTORER, 0x7f3b4062d270},  <unfinished ...>
[pid 15287] 1549117950.691134 <... rt_sigprocmask resumed> NULL, 8) = 0 <0.000035>
[pid 15289] 1549117950.691156 <... dup2 resumed> ) = 0 <0.000041>
[pid 15288] 1549117950.691165 <... rt_sigaction resumed> {SIG_DFL, [], SA_RESTORER, 0x7f3b4062d270}, 8) = 0 <0.000038>
[pid 15287] 1549117950.691175 rt_sigprocmask(SIG_BLOCK, [CHLD],  <unfinished ...>
[pid 15289] 1549117950.691195 close(3 <unfinished ...>
[pid 15288] 1549117950.691205 rt_sigaction(SIGCHLD, {SIG_DFL, [], SA_RESTORER|SA_RESTART, 0x7f3b4062d270},  <unfinished ...>
[pid 15287] 1549117950.691217 <... rt_sigprocmask resumed> [CHLD], 8) = 0 <0.000034>
[pid 15289] 1549117950.691234 <... close resumed> ) = 0 <0.000035>
[pid 15288] 1549117950.691243 <... rt_sigaction resumed> {0x441310, [], SA_RESTORER|SA_RESTART, 0x7f3b4062d270}, 8) = 0 <0.000032>
[pid 15287] 1549117950.691257 rt_sigaction(SIGINT, {0x43e780, [], SA_RESTORER, 0x7f3b4062d270},  <unfinished ...>
[pid 15288] 1549117950.691277 rt_sigprocmask(SIG_BLOCK, [CHLD],  <unfinished ...>
[pid 15287] 1549117950.691288 <... rt_sigaction resumed> {0x456c10, [], SA_RESTORER, 0x7f3b4062d270}, 8) = 0 <0.000023>
[pid 15288] 1549117950.691303 <... rt_sigprocmask resumed> [], 8) = 0 <0.000021>
[pid 15289] 1549117950.691332 stat(".",  <unfinished ...>
[pid 15288] 1549117950.691352 rt_sigprocmask(SIG_SETMASK, [],  <unfinished ...>
[pid 15289] 1549117950.691372 <... stat resumed> {st_mode=S_IFDIR|0775, st_size=4096, ...}) = 0 <0.000025>
[pid 15288] 1549117950.691384 <... rt_sigprocmask resumed> NULL, 8) = 0 <0.000027>
[pid 15287] 1549117950.691392 wait4(-1,  <unfinished ...>
[pid 15289] 1549117950.691412 stat("/usr/sbin/head",  <unfinished ...>
[pid 15288] 1549117950.691425 rt_sigaction(SIGCHLD, {0x441310, [], SA_RESTORER|SA_RESTART, 0x7f3b4062d270},  <unfinished ...>
[pid 15289] 1549117950.691444 <... stat resumed> 0x7ffee033afe0) = -1 ENOENT (No such file or directory) <0.000023>
[pid 15288] 1549117950.691453 <... rt_sigaction resumed> {SIG_DFL, [], SA_RESTORER|SA_RESTART, 0x7f3b4062d270}, 8) = 0 <0.000022>
[pid 15289] 1549117950.691468 stat("/sbin/home/hchusiang/.pyenv/versions/3.6.5/bin/head",  <unfinished ...>
[pid 15288] 1549117950.691484 rt_sigaction(SIGINT, {0x456c10, [], SA_RESTORER, 0x7f3b4062d270},  <unfinished ...>
[pid 15289] 1549117950.691512 <... stat resumed> 0x7ffee033afe0) = -1 ENOENT (No such file or directory) <0.000034>
[pid 15288] 1549117950.691521 <... rt_sigaction resumed> {SIG_DFL, [], SA_RESTORER, 0x7f3b4062d270}, 8) = 0 <0.000032>
[pid 15289] 1549117950.691535 stat("/home/hchusiang/.pyenv/libexec/head",  <unfinished ...>
[pid 15288] 1549117950.691551 rt_sigprocmask(SIG_BLOCK, NULL,  <unfinished ...>
[pid 15289] 1549117950.691568 <... stat resumed> 0x7ffee033afe0) = -1 ENOENT (No such file or directory) <0.000023>
[pid 15288] 1549117950.691576 <... rt_sigprocmask resumed> [], 8) = 0 <0.000021>
[pid 15289] 1549117950.691589 stat("/home/hchusiang/.pyenv/plugins/python-build/bin/head", 0x7ffee033afe0) = -1 ENOENT (No such file or directory) <0.000014>
[pid 15288] 1549117950.691625 stat(".",  <unfinished ...>
[pid 15289] 1549117950.691637 stat("/home/hchusiang/opt/sofa/bin/head",  <unfinished ...>
[pid 15288] 1549117950.691653 <... stat resumed> {st_mode=S_IFDIR|0775, st_size=4096, ...}) = 0 <0.000019>
[pid 15289] 1549117950.691668 <... stat resumed> 0x7ffee033afe0) = -1 ENOENT (No such file or directory) <0.000025>
[pid 15288] 1549117950.691681 stat("/usr/sbin/greadlink",  <unfinished ...>
[pid 15289] 1549117950.691697 stat("/usr/local/root-6.16.00/bin/head",  <unfinished ...>
[pid 15288] 1549117950.691712 <... stat resumed> 0x7ffee033aeb0) = -1 ENOENT (No such file or directory) <0.000023>
[pid 15289] 1549117950.691724 <... stat resumed> 0x7ffee033afe0) = -1 ENOENT (No such file or directory) <0.000022>
[pid 15288] 1549117950.691737 stat("/sbin/home/hchusiang/.pyenv/versions/3.6.5/bin/greadlink",  <unfinished ...>
[pid 15289] 1549117950.691752 stat("/usr/lib/jdk1.8.0_121/bin/head",  <unfinished ...>
[pid 15288] 1549117950.691768 <... stat resumed> 0x7ffee033aeb0) = -1 ENOENT (No such file or directory) <0.000023>
[pid 15289] 1549117950.691780 <... stat resumed> 0x7ffee033afe0) = -1 ENOENT (No such file or directory) <0.000023>
[pid 15288] 1549117950.691800 stat("/home/hchusiang/.pyenv/libexec/greadlink",  <unfinished ...>
[pid 15289] 1549117950.691813 stat("/usr/lib/jdk1.8.0_121/jre/bin/head",  <unfinished ...>
[pid 15288] 1549117950.691829 <... stat resumed> 0x7ffee033aeb0) = -1 ENOENT (No such file or directory) <0.000019>
[pid 15289] 1549117950.691841 <... stat resumed> 0x7ffee033afe0) = -1 ENOENT (No such file or directory) <0.000023>
[pid 15288] 1549117950.691853 stat("/home/hchusiang/.pyenv/plugins/python-build/bin/greadlink",  <unfinished ...>
[pid 15289] 1549117950.691869 stat("/usr/lib64/qt-3.3/bin/head",  <unfinished ...>
[pid 15288] 1549117950.691884 <... stat resumed> 0x7ffee033aeb0) = -1 ENOENT (No such file or directory) <0.000023>
[pid 15289] 1549117950.691897 <... stat resumed> 0x7ffee033afe0) = -1 ENOENT (No such file or directory) <0.000022>
[pid 15288] 1549117950.691909 stat("/home/hchusiang/opt/sofa/bin/greadlink",  <unfinished ...>
[pid 15289] 1549117950.691924 stat("/home/hchusiang/.pyenv/shims/head",  <unfinished ...>
[pid 15288] 1549117950.691940 <... stat resumed> 0x7ffee033aeb0) = -1 ENOENT (No such file or directory) <0.000023>
[pid 15289] 1549117950.691952 <... stat resumed> 0x7ffee033afe0) = -1 ENOENT (No such file or directory) <0.000023>
[pid 15288] 1549117950.691964 stat("/usr/local/root-6.16.00/bin/greadlink",  <unfinished ...>
[pid 15289] 1549117950.691980 stat("/home/hchusiang/.pyenv/bin/head",  <unfinished ...>
[pid 15288] 1549117950.691996 <... stat resumed> 0x7ffee033aeb0) = -1 ENOENT (No such file or directory) <0.000022>
[pid 15289] 1549117950.692019 <... stat resumed> 0x7ffee033afe0) = -1 ENOENT (No such file or directory) <0.000034>
[pid 15288] 1549117950.692031 stat("/usr/lib/jdk1.8.0_121/bin/greadlink",  <unfinished ...>
[pid 15289] 1549117950.692047 stat("/usr/local/bin/head",  <unfinished ...>
[pid 15288] 1549117950.692063 <... stat resumed> 0x7ffee033aeb0) = -1 ENOENT (No such file or directory) <0.000023>
[pid 15289] 1549117950.692075 <... stat resumed> 0x7ffee033afe0) = -1 ENOENT (No such file or directory) <0.000023>
[pid 15288] 1549117950.692087 stat("/usr/lib/jdk1.8.0_121/jre/bin/greadlink",  <unfinished ...>
[pid 15289] 1549117950.692103 stat("/usr/bin/head",  <unfinished ...>
[pid 15288] 1549117950.692118 <... stat resumed> 0x7ffee033aeb0) = -1 ENOENT (No such file or directory) <0.000023>
[pid 15289] 1549117950.692130 <... stat resumed> {st_mode=S_IFREG|0755, st_size=41472, ...}) = 0 <0.000022>
[pid 15288] 1549117950.692147 stat("/usr/lib64/qt-3.3/bin/greadlink",  <unfinished ...>
[pid 15289] 1549117950.692159 stat("/usr/bin/head",  <unfinished ...>
[pid 15288] 1549117950.692175 <... stat resumed> 0x7ffee033aeb0) = -1 ENOENT (No such file or directory) <0.000019>
[pid 15289] 1549117950.692187 <... stat resumed> {st_mode=S_IFREG|0755, st_size=41472, ...}) = 0 <0.000023>
[pid 15288] 1549117950.692203 stat("/home/hchusiang/.pyenv/shims/greadlink",  <unfinished ...>
[pid 15289] 1549117950.692215 geteuid( <unfinished ...>
[pid 15288] 1549117950.692231 <... stat resumed> 0x7ffee033aeb0) = -1 ENOENT (No such file or directory) <0.000020>
[pid 15289] 1549117950.692239 <... geteuid resumed> ) = 1005 <0.000021>
[pid 15288] 1549117950.692253 stat("/home/hchusiang/.pyenv/bin/greadlink",  <unfinished ...>
[pid 15289] 1549117950.692264 getegid( <unfinished ...>
[pid 15288] 1549117950.692280 <... stat resumed> 0x7ffee033aeb0) = -1 ENOENT (No such file or directory) <0.000019>
[pid 15289] 1549117950.692288 <... getegid resumed> ) = 1012 <0.000020>
[pid 15288] 1549117950.692302 stat("/usr/local/bin/greadlink",  <unfinished ...>
[pid 15289] 1549117950.692314 getuid( <unfinished ...>
[pid 15288] 1549117950.692329 <... stat resumed> 0x7ffee033aeb0) = -1 ENOENT (No such file or directory) <0.000019>
[pid 15289] 1549117950.692338 <... getuid resumed> ) = 1005 <0.000020>
[pid 15288] 1549117950.692351 stat("/usr/bin/greadlink",  <unfinished ...>
[pid 15289] 1549117950.692363 getgid( <unfinished ...>
[pid 15288] 1549117950.692378 <... stat resumed> 0x7ffee033aeb0) = -1 ENOENT (No such file or directory) <0.000019>
[pid 15289] 1549117950.692390 <... getgid resumed> ) = 1012 <0.000024>
[pid 15288] 1549117950.692404 stat("/home/hchusiang/bin/greadlink",  <unfinished ...>
[pid 15289] 1549117950.692416 access("/usr/bin/head", X_OK <unfinished ...>
[pid 15288] 1549117950.692433 <... stat resumed> 0x7ffee033aeb0) = -1 ENOENT (No such file or directory) <0.000020>
[pid 15289] 1549117950.692445 <... access resumed> ) = 0 <0.000023>
[pid 15288] 1549117950.692458 stat("/usr/local/sbin/greadlink",  <unfinished ...>
[pid 15289] 1549117950.692470 stat("/usr/bin/head",  <unfinished ...>
[pid 15288] 1549117950.692488 <... stat resumed> 0x7ffee033aeb0) = -1 ENOENT (No such file or directory) <0.000022>
[pid 15289] 1549117950.692505 <... stat resumed> {st_mode=S_IFREG|0755, st_size=41472, ...}) = 0 <0.000029>
[pid 15288] 1549117950.692522 stat("/usr/sbin/greadlink",  <unfinished ...>
[pid 15289] 1549117950.692534 geteuid( <unfinished ...>
[pid 15288] 1549117950.692549 <... stat resumed> 0x7ffee033aeb0) = -1 ENOENT (No such file or directory) <0.000019>
[pid 15289] 1549117950.692569 <... geteuid resumed> ) = 1005 <0.000031>
[pid 15288] 1549117950.692581 stat("/usr/local/cuda/bin/greadlink",  <unfinished ...>
[pid 15289] 1549117950.692591 getegid( <unfinished ...>
[pid 15288] 1549117950.692604 <... stat resumed> 0x7ffee033aeb0) = -1 ENOENT (No such file or directory) <0.000017>
[pid 15289] 1549117950.692611 <... getegid resumed> ) = 1012 <0.000017>
[pid 15288] 1549117950.692623 stat("/usr/local/cuda/bin/greadlink",  <unfinished ...>
[pid 15289] 1549117950.692633 getuid( <unfinished ...>
[pid 15288] 1549117950.692647 <... stat resumed> 0x7ffee033aeb0) = -1 ENOENT (No such file or directory) <0.000016>
[pid 15289] 1549117950.692654 <... getuid resumed> ) = 1005 <0.000017>
[pid 15288] 1549117950.692666 stat("/usr/local/intelpcm/bin/greadlink",  <unfinished ...>
[pid 15289] 1549117950.692676 getgid( <unfinished ...>
[pid 15288] 1549117950.692689 <... stat resumed> 0x7ffee033aeb0) = -1 ENOENT (No such file or directory) <0.000016>
[pid 15289] 1549117950.692696 <... getgid resumed> ) = 1012 <0.000018>
[pid 15288] 1549117950.692708 stat(".",  <unfinished ...>
[pid 15289] 1549117950.692718 access("/usr/bin/head", R_OK <unfinished ...>
[pid 15288] 1549117950.692733 <... stat resumed> {st_mode=S_IFDIR|0775, st_size=4096, ...}) = 0 <0.000017>
[pid 15289] 1549117950.692745 <... access resumed> ) = 0 <0.000022>
[pid 15288] 1549117950.692755 stat("/usr/sbin/readlink",  <unfinished ...>
[pid 15289] 1549117950.692768 stat("/usr/bin/head",  <unfinished ...>
[pid 15288] 1549117950.692782 <... stat resumed> 0x7ffee033aeb0) = -1 ENOENT (No such file or directory) <0.000020>
[pid 15289] 1549117950.692792 <... stat resumed> {st_mode=S_IFREG|0755, st_size=41472, ...}) = 0 <0.000020>
[pid 15288] 1549117950.692806 stat("/sbin/home/hchusiang/.pyenv/versions/3.6.5/bin/readlink",  <unfinished ...>
[pid 15289] 1549117950.692817 stat("/usr/bin/head",  <unfinished ...>
[pid 15288] 1549117950.692830 <... stat resumed> 0x7ffee033aeb0) = -1 ENOENT (No such file or directory) <0.000016>
[pid 15289] 1549117950.692841 <... stat resumed> {st_mode=S_IFREG|0755, st_size=41472, ...}) = 0 <0.000019>
[pid 15288] 1549117950.692855 stat("/home/hchusiang/.pyenv/libexec/readlink",  <unfinished ...>
[pid 15289] 1549117950.692865 geteuid( <unfinished ...>
[pid 15288] 1549117950.692878 <... stat resumed> 0x7ffee033aeb0) = -1 ENOENT (No such file or directory) <0.000017>
[pid 15289] 1549117950.692885 <... geteuid resumed> ) = 1005 <0.000017>
[pid 15288] 1549117950.692897 stat("/home/hchusiang/.pyenv/plugins/python-build/bin/readlink",  <unfinished ...>
[pid 15289] 1549117950.692907 getegid( <unfinished ...>
[pid 15288] 1549117950.692921 <... stat resumed> 0x7ffee033aeb0) = -1 ENOENT (No such file or directory) <0.000016>
[pid 15289] 1549117950.692928 <... getegid resumed> ) = 1012 <0.000018>
[pid 15288] 1549117950.692940 stat("/home/hchusiang/opt/sofa/bin/readlink",  <unfinished ...>
[pid 15289] 1549117950.692950 getuid( <unfinished ...>
[pid 15288] 1549117950.692963 <... stat resumed> 0x7ffee033aeb0) = -1 ENOENT (No such file or directory) <0.000017>
[pid 15289] 1549117950.692974 <... getuid resumed> ) = 1005 <0.000021>
[pid 15288] 1549117950.692986 stat("/usr/local/root-6.16.00/bin/readlink",  <unfinished ...>
[pid 15289] 1549117950.692996 getgid( <unfinished ...>
[pid 15288] 1549117950.693010 <... stat resumed> 0x7ffee033aeb0) = -1 ENOENT (No such file or directory) <0.000016>
[pid 15289] 1549117950.693017 <... getgid resumed> ) = 1012 <0.000018>
[pid 15288] 1549117950.693029 stat("/usr/lib/jdk1.8.0_121/bin/readlink",  <unfinished ...>
[pid 15289] 1549117950.693039 access("/usr/bin/head", X_OK <unfinished ...>
[pid 15288] 1549117950.693053 <... stat resumed> 0x7ffee033aeb0) = -1 ENOENT (No such file or directory) <0.000017>
[pid 15289] 1549117950.693063 <... access resumed> ) = 0 <0.000020>
[pid 15288] 1549117950.693075 stat("/usr/lib/jdk1.8.0_121/jre/bin/readlink",  <unfinished ...>
[pid 15289] 1549117950.693085 stat("/usr/bin/head",  <unfinished ...>
[pid 15288] 1549117950.693099 <... stat resumed> 0x7ffee033aeb0) = -1 ENOENT (No such file or directory) <0.000016>
[pid 15289] 1549117950.693109 <... stat resumed> {st_mode=S_IFREG|0755, st_size=41472, ...}) = 0 <0.000020>
[pid 15288] 1549117950.693123 stat("/usr/lib64/qt-3.3/bin/readlink",  <unfinished ...>
[pid 15289] 1549117950.693133 geteuid( <unfinished ...>
[pid 15288] 1549117950.693147 <... stat resumed> 0x7ffee033aeb0) = -1 ENOENT (No such file or directory) <0.000016>
[pid 15289] 1549117950.693154 <... geteuid resumed> ) = 1005 <0.000018>
[pid 15288] 1549117950.693166 stat("/home/hchusiang/.pyenv/shims/readlink",  <unfinished ...>
[pid 15289] 1549117950.693176 getegid( <unfinished ...>
[pid 15288] 1549117950.693189 <... stat resumed> 0x7ffee033aeb0) = -1 ENOENT (No such file or directory) <0.000017>
[pid 15289] 1549117950.693196 <... getegid resumed> ) = 1012 <0.000018>
[pid 15288] 1549117950.693208 stat("/home/hchusiang/.pyenv/bin/readlink",  <unfinished ...>
[pid 15289] 1549117950.693218 getuid( <unfinished ...>
[pid 15288] 1549117950.693232 <... stat resumed> 0x7ffee033aeb0) = -1 ENOENT (No such file or directory) <0.000016>
[pid 15289] 1549117950.693239 <... getuid resumed> ) = 1005 <0.000018>
[pid 15288] 1549117950.693251 stat("/usr/local/bin/readlink",  <unfinished ...>
[pid 15289] 1549117950.693261 getgid( <unfinished ...>
[pid 15288] 1549117950.693274 <... stat resumed> 0x7ffee033aeb0) = -1 ENOENT (No such file or directory) <0.000016>
[pid 15289] 1549117950.693281 <... getgid resumed> ) = 1012 <0.000018>
[pid 15288] 1549117950.693293 stat("/usr/bin/readlink",  <unfinished ...>
[pid 15289] 1549117950.693303 access("/usr/bin/head", R_OK <unfinished ...>
[pid 15288] 1549117950.693317 <... stat resumed> {st_mode=S_IFREG|0755, st_size=41800, ...}) = 0 <0.000017>
[pid 15289] 1549117950.693329 <... access resumed> ) = 0 <0.000022>
[pid 15288] 1549117950.693339 stat("/usr/bin/readlink", {st_mode=S_IFREG|0755, st_size=41800, ...}) = 0 <0.000013>
[pid 15289] 1549117950.693368 rt_sigaction(SIGINT, {SIG_DFL, [], SA_RESTORER, 0x7f3b4062d270},  <unfinished ...>
[pid 15288] 1549117950.693384 geteuid( <unfinished ...>
[pid 15289] 1549117950.693392 <... rt_sigaction resumed> {0x456c10, [], SA_RESTORER, 0x7f3b4062d270}, 8) = 0 <0.000016>
[pid 15288] 1549117950.693405 <... geteuid resumed> ) = 1005 <0.000017>
[pid 15289] 1549117950.693415 rt_sigaction(SIGQUIT, {SIG_DFL, [], SA_RESTORER, 0x7f3b4062d270},  <unfinished ...>
[pid 15288] 1549117950.693430 getegid( <unfinished ...>
[pid 15289] 1549117950.693438 <... rt_sigaction resumed> {SIG_DFL, [], SA_RESTORER, 0x7f3b4062d270}, 8) = 0 <0.000017>
[pid 15288] 1549117950.693450 <... getegid resumed> ) = 1012 <0.000018>
[pid 15289] 1549117950.693460 rt_sigaction(SIGCHLD, {SIG_DFL, [], SA_RESTORER|SA_RESTART, 0x7f3b4062d270},  <unfinished ...>
[pid 15288] 1549117950.693476 getuid( <unfinished ...>
[pid 15289] 1549117950.693484 <... rt_sigaction resumed> {0x441310, [], SA_RESTORER|SA_RESTART, 0x7f3b4062d270}, 8) = 0 <0.000016>
[pid 15288] 1549117950.693499 <... getuid resumed> ) = 1005 <0.000021>
[pid 15288] 1549117950.693518 getgid()  = 1012 <0.000010>
[pid 15289] 1549117950.693543 execve("/usr/bin/head", ["head", "-1"], [/* 45 vars */] <unfinished ...>
[pid 15288] 1549117950.693601 access("/usr/bin/readlink", X_OK) = 0 <0.000015>
[pid 15288] 1549117950.693637 stat("/usr/bin/readlink", {st_mode=S_IFREG|0755, st_size=41800, ...}) = 0 <0.000014>
[pid 15288] 1549117950.693674 geteuid() = 1005 <0.000011>
[pid 15288] 1549117950.693711 getegid() = 1012 <0.000011>
[pid 15288] 1549117950.693741 getuid()  = 1005 <0.000012>
[pid 15288] 1549117950.693772 getgid()  = 1012 <0.000012>
[pid 15288] 1549117950.693802 access("/usr/bin/readlink", R_OK) = 0 <0.000014>
[pid 15289] 1549117950.693832 <... execve resumed> ) = 0 <0.000239>
[pid 15288] 1549117950.693841 stat("/usr/bin/readlink", {st_mode=S_IFREG|0755, st_size=41800, ...}) = 0 <0.000013>
[pid 15289] 1549117950.693872 brk(NULL <unfinished ...>
[pid 15288] 1549117950.693884 stat("/usr/bin/readlink",  <unfinished ...>
[pid 15289] 1549117950.693897 <... brk resumed> ) = 0x1009000 <0.000019>
[pid 15288] 1549117950.693907 <... stat resumed> {st_mode=S_IFREG|0755, st_size=41800, ...}) = 0 <0.000019>
[pid 15288] 1549117950.693925 geteuid() = 1005 <0.000014>
[pid 15289] 1549117950.693949 mmap(NULL, 4096, PROT_READ|PROT_WRITE, MAP_PRIVATE|MAP_ANONYMOUS, -1, 0 <unfinished ...>
[pid 15288] 1549117950.693962 getegid( <unfinished ...>
[pid 15289] 1549117950.693976 <... mmap resumed> ) = 0x7f4d555d1000 <0.000020>
[pid 15288] 1549117950.693983 <... getegid resumed> ) = 1012 <0.000018>
[pid 15288] 1549117950.693998 getuid( <unfinished ...>
[pid 15289] 1549117950.694011 access("/etc/ld.so.preload", R_OK <unfinished ...>
[pid 15288] 1549117950.694026 <... getuid resumed> ) = 1005 <0.000023>
[pid 15289] 1549117950.694038 <... access resumed> ) = -1 ENOENT (No such file or directory) <0.000021>
[pid 15288] 1549117950.694046 getgid( <unfinished ...>
[pid 15289] 1549117950.694065 open("/usr/local/cuda-9.0/lib64/tls/x86_64/libc.so.6", O_RDONLY|O_CLOEXEC <unfinished ...>
[pid 15288] 1549117950.694077 <... getgid resumed> ) = 1012 <0.000026>
[pid 15289] 1549117950.694089 <... open resumed> ) = -1 ENOENT (No such file or directory) <0.000018>
[pid 15288] 1549117950.694096 access("/usr/bin/readlink", X_OK <unfinished ...>
[pid 15289] 1549117950.694110 stat("/usr/local/cuda-9.0/lib64/tls/x86_64",  <unfinished ...>
[pid 15288] 1549117950.694123 <... access resumed> ) = 0 <0.000020>
[pid 15289] 1549117950.694133 <... stat resumed> 0x7ffdd6cc6da0) = -1 ENOENT (No such file or directory) <0.000019>
[pid 15288] 1549117950.694143 stat("/usr/bin/readlink",  <unfinished ...>
[pid 15289] 1549117950.694156 open("/usr/local/cuda-9.0/lib64/tls/libc.so.6", O_RDONLY|O_CLOEXEC <unfinished ...>
[pid 15288] 1549117950.694170 <... stat resumed> {st_mode=S_IFREG|0755, st_size=41800, ...}) = 0 <0.000019>
[pid 15289] 1549117950.694184 <... open resumed> ) = -1 ENOENT (No such file or directory) <0.000022>
[pid 15288] 1549117950.694190 geteuid( <unfinished ...>
[pid 15289] 1549117950.694204 stat("/usr/local/cuda-9.0/lib64/tls",  <unfinished ...>
[pid 15288] 1549117950.694214 <... geteuid resumed> ) = 1005 <0.000018>
[pid 15289] 1549117950.694226 <... stat resumed> 0x7ffdd6cc6da0) = -1 ENOENT (No such file or directory) <0.000017>
[pid 15288] 1549117950.694233 getegid( <unfinished ...>
[pid 15289] 1549117950.694246 open("/usr/local/cuda-9.0/lib64/x86_64/libc.so.6", O_RDONLY|O_CLOEXEC <unfinished ...>
[pid 15288] 1549117950.694256 <... getegid resumed> ) = 1012 <0.000019>
[pid 15289] 1549117950.694266 <... open resumed> ) = -1 ENOENT (No such file or directory) <0.000016>
[pid 15288] 1549117950.694276 getuid( <unfinished ...>
[pid 15289] 1549117950.694289 stat("/usr/local/cuda-9.0/lib64/x86_64",  <unfinished ...>
[pid 15288] 1549117950.694299 <... getuid resumed> ) = 1005 <0.000018>
[pid 15289] 1549117950.694309 <... stat resumed> 0x7ffdd6cc6da0) = -1 ENOENT (No such file or directory) <0.000015>
[pid 15288] 1549117950.694320 getgid( <unfinished ...>
[pid 15289] 1549117950.694333 open("/usr/local/cuda-9.0/lib64/libc.so.6", O_RDONLY|O_CLOEXEC <unfinished ...>
[pid 15288] 1549117950.694347 <... getgid resumed> ) = 1012 <0.000022>
[pid 15289] 1549117950.694359 <... open resumed> ) = -1 ENOENT (No such file or directory) <0.000018>
[pid 15288] 1549117950.694366 access("/usr/bin/readlink", R_OK <unfinished ...>
[pid 15289] 1549117950.694380 stat("/usr/local/cuda-9.0/lib64",  <unfinished ...>
[pid 15288] 1549117950.694393 <... access resumed> ) = 0 <0.000020>
[pid 15289] 1549117950.694403 <... stat resumed> {st_mode=S_IFDIR|0755, st_size=4096, ...}) = 0 <0.000019>
[pid 15289] 1549117950.694422 open("/usr/local/root-6.16.00/lib/tls/x86_64/libc.so.6", O_RDONLY|O_CLOEXEC) = -1 ENOENT (No such file or directory) <0.000015>
[pid 15289] 1549117950.694460 stat("/usr/local/root-6.16.00/lib/tls/x86_64",  <unfinished ...>
[pid 15288] 1549117950.694470 fstat(1,  <unfinished ...>
[pid 15289] 1549117950.694485 <... stat resumed> 0x7ffdd6cc6da0) = -1 ENOENT (No such file or directory) <0.000017>
[pid 15288] 1549117950.694496 <... fstat resumed> {st_mode=S_IFIFO|0600, st_size=0, ...}) = 0 <0.000022>
[pid 15289] 1549117950.694508 open("/usr/local/root-6.16.00/lib/tls/libc.so.6", O_RDONLY|O_CLOEXEC <unfinished ...>
[pid 15288] 1549117950.694522 mmap(NULL, 4096, PROT_READ|PROT_WRITE, MAP_PRIVATE|MAP_ANONYMOUS, -1, 0 <unfinished ...>
[pid 15289] 1549117950.694536 <... open resumed> ) = -1 ENOENT (No such file or directory) <0.000020>
[pid 15288] 1549117950.694548 <... mmap resumed> ) = 0x7f3b41007000 <0.000021>
[pid 15289] 1549117950.694555 stat("/usr/local/root-6.16.00/lib/tls",  <unfinished ...>
[pid 15288] 1549117950.694569 write(1, "/usr/bin/readlink\n", 18 <unfinished ...>
[pid 15289] 1549117950.694583 <... stat resumed> 0x7ffdd6cc6da0) = -1 ENOENT (No such file or directory) <0.000022>
[pid 15288] 1549117950.694596 <... write resumed> ) = 18 <0.000022>
[pid 15289] 1549117950.694602 open("/usr/local/root-6.16.00/lib/x86_64/libc.so.6", O_RDONLY|O_CLOEXEC) = -1 ENOENT (No such file or directory) <0.000015>
[pid 15289] 1549117950.694638 stat("/usr/local/root-6.16.00/lib/x86_64", 0x7ffdd6cc6da0) = -1 ENOENT (No such file or directory) <0.000013>
[pid 15289] 1549117950.694673 open("/usr/local/root-6.16.00/lib/libc.so.6", O_RDONLY|O_CLOEXEC <unfinished ...>
[pid 15288] 1549117950.694689 exit_group(1) = ?
[pid 15289] 1549117950.694699 <... open resumed> ) = -1 ENOENT (No such file or directory) <0.000021>
[pid 15289] 1549117950.694715 stat("/usr/local/root-6.16.00/lib", {st_mode=S_IFDIR|0755, st_size=24576, ...}) = 0 <0.000014>
[pid 15289] 1549117950.694752 open("/lib/tls/x86_64/libc.so.6", O_RDONLY|O_CLOEXEC) = -1 ENOENT (No such file or directory) <0.000023>
[pid 15288] 1549117950.694789 +++ exited with 1 +++
[pid 15289] 1549117950.694799 stat("/lib/tls/x86_64",  <unfinished ...>
[pid 15287] 1549117950.694809 <... wait4 resumed> [{WIFEXITED(s) && WEXITSTATUS(s) == 1}], 0, NULL) = 15288 <0.003409>
[pid 15289] 1549117950.694825 <... stat resumed> 0x7ffdd6cc6da0) = -1 ENOENT (No such file or directory) <0.000021>
[pid 15287] 1549117950.694837 wait4(-1,  <unfinished ...>
[pid 15289] 1549117950.694850 open("/lib/tls/libc.so.6", O_RDONLY|O_CLOEXEC) = -1 ENOENT (No such file or directory) <0.000013>
[pid 15289] 1549117950.694883 stat("/lib/tls", {st_mode=S_IFDIR|0755, st_size=37, ...}) = 0 <0.000012>
[pid 15289] 1549117950.694917 open("/lib/x86_64/libc.so.6", O_RDONLY|O_CLOEXEC) = -1 ENOENT (No such file or directory) <0.000013>
[pid 15289] 1549117950.694950 stat("/lib/x86_64", 0x7ffdd6cc6da0) = -1 ENOENT (No such file or directory) <0.000012>
[pid 15289] 1549117950.694982 open("/lib/libc.so.6", O_RDONLY|O_CLOEXEC) = 3 <0.000015>
[pid 15289] 1549117950.695016 read(3, "\177ELF\1\1\1\3\0\0\0\0\0\0\0\0\3\0\3\0\1\0\0\0\240\233\1\0004\0\0\0"..., 832) = 832 <0.000011>
[pid 15289] 1549117950.695048 close(3)  = 0 <0.000012>
[pid 15289] 1549117950.695078 stat("/lib", {st_mode=S_IFDIR|0555, st_size=8192, ...}) = 0 <0.000013>
[pid 15289] 1549117950.695113 open("tls/x86_64/libc.so.6", O_RDONLY|O_CLOEXEC) = -1 ENOENT (No such file or directory) <0.000012>
[pid 15289] 1549117950.695145 open("tls/libc.so.6", O_RDONLY|O_CLOEXEC) = -1 ENOENT (No such file or directory) <0.000012>
[pid 15289] 1549117950.695180 open("x86_64/libc.so.6", O_RDONLY|O_CLOEXEC) = -1 ENOENT (No such file or directory) <0.000011>
[pid 15289] 1549117950.695211 open("libc.so.6", O_RDONLY|O_CLOEXEC) = -1 ENOENT (No such file or directory) <0.000011>
[pid 15289] 1549117950.695242 open("/etc/ld.so.cache", O_RDONLY|O_CLOEXEC) = 3 <0.000013>
[pid 15289] 1549117950.695275 fstat(3, {st_mode=S_IFREG|0644, st_size=122400, ...}) = 0 <0.000011>
[pid 15289] 1549117950.695323 mmap(NULL, 122400, PROT_READ, MAP_PRIVATE, 3, 0) = 0x7f4d555b3000 <0.000013>
[pid 15289] 1549117950.695355 close(3)  = 0 <0.000010>
[pid 15289] 1549117950.695397 open("/lib64/libc.so.6", O_RDONLY|O_CLOEXEC) = 3 <0.000015>
[pid 15289] 1549117950.695432 read(3, "\177ELF\2\1\1\3\0\0\0\0\0\0\0\0\3\0>\0\1\0\0\0\20\35\2\0\0\0\0\0"..., 832) = 832 <0.000011>
[pid 15289] 1549117950.695466 fstat(3, {st_mode=S_IFREG|0755, st_size=2127336, ...}) = 0 <0.000011>
[pid 15289] 1549117950.695505 mmap(NULL, 3940800, PROT_READ|PROT_EXEC, MAP_PRIVATE|MAP_DENYWRITE, 3, 0) = 0x7f4d54fee000 <0.000014>
[pid 15289] 1549117950.695539 mprotect(0x7f4d551a6000, 2097152, PROT_NONE) = 0 <0.000019>
[pid 15289] 1549117950.695576 mmap(0x7f4d553a6000, 24576, PROT_READ|PROT_WRITE, MAP_PRIVATE|MAP_FIXED|MAP_DENYWRITE, 3, 0x1b8000) = 0x7f4d553a6000 <0.000017>
[pid 15289] 1549117950.695617 mmap(0x7f4d553ac000, 16832, PROT_READ|PROT_WRITE, MAP_PRIVATE|MAP_FIXED|MAP_ANONYMOUS, -1, 0) = 0x7f4d553ac000 <0.000013>
[pid 15289] 1549117950.695655 close(3)  = 0 <0.000010>
[pid 15289] 1549117950.695694 mmap(NULL, 4096, PROT_READ|PROT_WRITE, MAP_PRIVATE|MAP_ANONYMOUS, -1, 0) = 0x7f4d555b2000 <0.000011>
[pid 15289] 1549117950.695731 mmap(NULL, 8192, PROT_READ|PROT_WRITE, MAP_PRIVATE|MAP_ANONYMOUS, -1, 0) = 0x7f4d555b0000 <0.000012>
[pid 15289] 1549117950.695766 arch_prctl(ARCH_SET_FS, 0x7f4d555b0740) = 0 <0.000011>
[pid 15289] 1549117950.695877 mprotect(0x7f4d553a6000, 16384, PROT_READ) = 0 <0.000014>
[pid 15289] 1549117950.695918 mprotect(0x608000, 4096, PROT_READ) = 0 <0.000013>
[pid 15289] 1549117950.695952 mprotect(0x7f4d555d2000, 4096, PROT_READ) = 0 <0.000014>
[pid 15289] 1549117950.695985 munmap(0x7f4d555b3000, 122400) = 0 <0.000019>
[pid 15289] 1549117950.696132 brk(NULL) = 0x1009000 <0.000011>
[pid 15289] 1549117950.696161 brk(0x102a000) = 0x102a000 <0.000012>
[pid 15289] 1549117950.696191 brk(NULL) = 0x102a000 <0.000011>
[pid 15289] 1549117950.696229 open("/usr/lib/locale/locale-archive", O_RDONLY|O_CLOEXEC) = 3 <0.000015>
[pid 15289] 1549117950.696266 fstat(3, {st_mode=S_IFREG|0644, st_size=106070960, ...}) = 0 <0.000012>
[pid 15289] 1549117950.696300 mmap(NULL, 106070960, PROT_READ, MAP_PRIVATE, 3, 0) = 0x7f4d4eac5000 <0.000014>
[pid 15289] 1549117950.696335 close(3)  = 0 <0.000011>
[pid 15289] 1549117950.696372 open("/usr/share/locale/locale.alias", O_RDONLY|O_CLOEXEC) = 3 <0.000013>
[pid 15289] 1549117950.696413 fstat(3, {st_mode=S_IFREG|0644, st_size=2502, ...}) = 0 <0.000011>
[pid 15289] 1549117950.696444 mmap(NULL, 4096, PROT_READ|PROT_WRITE, MAP_PRIVATE|MAP_ANONYMOUS, -1, 0) = 0x7f4d555d0000 <0.000012>
[pid 15289] 1549117950.696475 read(3, "# Locale name alias data base.\n#"..., 4096) = 2502 <0.000019>
[pid 15289] 1549117950.696536 read(3, "", 4096) = 0 <0.000011>
[pid 15289] 1549117950.696569 close(3)  = 0 <0.000013>
[pid 15289] 1549117950.696599 munmap(0x7f4d555d0000, 4096) = 0 <0.000016>
[pid 15289] 1549117950.696652 open("/usr/lib/locale/C.UTF-8/LC_IDENTIFICATION", O_RDONLY|O_CLOEXEC) = -1 ENOENT (No such file or directory) <0.000014>
[pid 15289] 1549117950.696687 open("/usr/lib/locale/C.utf8/LC_IDENTIFICATION", O_RDONLY|O_CLOEXEC) = -1 ENOENT (No such file or directory) <0.000012>
[pid 15289] 1549117950.696720 open("/usr/lib/locale/C/LC_IDENTIFICATION", O_RDONLY|O_CLOEXEC) = -1 ENOENT (No such file or directory) <0.000012>
[pid 15289] 1549117950.696781 read(0, "/usr/bin/readlink\n", 8192) = 18 <0.000013>
[pid 15289] 1549117950.696814 lseek(0, 0, SEEK_CUR) = -1 ESPIPE (Illegal seek) <0.000011>
[pid 15289] 1549117950.696849 fstat(0, {st_mode=S_IFIFO|0600, st_size=0, ...}) = 0 <0.000011>
[pid 15289] 1549117950.696882 fstat(1, {st_mode=S_IFIFO|0600, st_size=0, ...}) = 0 <0.000011>
[pid 15289] 1549117950.696912 mmap(NULL, 4096, PROT_READ|PROT_WRITE, MAP_PRIVATE|MAP_ANONYMOUS, -1, 0) = 0x7f4d555d0000 <0.000012>
[pid 15289] 1549117950.696947 close(0)  = 0 <0.000015>
[pid 15289] 1549117950.696986 write(1, "/usr/bin/readlink\n", 18) = 18 <0.000015>
[pid 15289] 1549117950.697022 close(1 <unfinished ...>
[pid 15280] 1549117950.697037 <... read resumed> "/usr/bin/readlink\n", 128) = 18 <0.007453>
[pid 15289] 1549117950.697045 <... close resumed> ) = 0 <0.000019>
[pid 15289] 1549117950.697062 munmap(0x7f4d555d0000, 4096 <unfinished ...>
[pid 15280] 1549117950.697071 read(3,  <unfinished ...>
